Release 13.1 - xst O.40d (nt)
Copyright (c) 1995-2011 Xilinx, Inc.  All rights reserved.
--> Parameter TMPDIR set to xst/projnav.tmp


Total REAL time to Xst completion: 0.00 secs
Total CPU time to Xst completion: 0.22 secs
 
--> Parameter xsthdpdir set to xst


Total REAL time to Xst completion: 0.00 secs
Total CPU time to Xst completion: 0.22 secs
 
--> Reading design: counter.prj

TABLE OF CONTENTS
  1) Synthesis Options Summary
  2) HDL Compilation
  3) Design Hierarchy Analysis
  4) HDL Analysis
  5) HDL Synthesis
     5.1) HDL Synthesis Report
  6) Advanced HDL Synthesis
     6.1) Advanced HDL Synthesis Report
  7) Low Level Synthesis
  8) Partition Report
  9) Final Report
	9.1) Device utilization summary
	9.2) Partition Resource Summary
	9.3) TIMING REPORT


=========================================================================
*                      Synthesis Options Summary                        *
=========================================================================
---- Source Parameters
Input File Name                    : "counter.prj"
Input Format                       : mixed
Ignore Synthesis Constraint File   : NO

---- Target Parameters
Output File Name                   : "counter"
Output Format                      : NGC
Target Device                      : xc3s500e-4-fg320

---- Source Options
Top Module Name                    : counter
Automatic FSM Extraction           : YES
FSM Encoding Algorithm             : Auto
Safe Implementation                : No
FSM Style                          : LUT
RAM Extraction                     : Yes
RAM Style                          : Auto
ROM Extraction                     : Yes
Mux Style                          : Auto
Decoder Extraction                 : YES
Priority Encoder Extraction        : Yes
Shift Register Extraction          : YES
Logical Shifter Extraction         : YES
XOR Collapsing                     : YES
ROM Style                          : Auto
Mux Extraction                     : Yes
Resource Sharing                   : YES
Asynchronous To Synchronous        : NO
Multiplier Style                   : Auto
Automatic Register Balancing       : No

---- Target Options
Add IO Buffers                     : YES
Global Maximum Fanout              : 500
Add Generic Clock Buffer(BUFG)     : 24
Register Duplication               : YES
Slice Packing                      : YES
Optimize Instantiated Primitives   : NO
Use Clock Enable                   : Yes
Use Synchronous Set                : Yes
Use Synchronous Reset              : Yes
Pack IO Registers into IOBs        : Auto
Equivalent register Removal        : YES

---- General Options
Optimization Goal                  : Speed
Optimization Effort                : 1
Keep Hierarchy                     : No
Netlist Hierarchy                  : As_Optimized
RTL Output                         : Yes
Global Optimization                : AllClockNets
Read Cores                         : YES
Write Timing Constraints           : NO
Cross Clock Analysis               : NO
Hierarchy Separator                : /
Bus Delimiter                      : <>
Case Specifier                     : Maintain
Slice Utilization Ratio            : 100
BRAM Utilization Ratio             : 100
Verilog 2001                       : YES
Auto BRAM Packing                  : NO
Slice Utilization Ratio Delta      : 5

=========================================================================


=========================================================================
*                          HDL Compilation                              *
=========================================================================
Compiling vhdl file "C:/Users/238user/Desktop/238/Lab 2/tutorial_5/counter.vhd" in Library work.
Entity <counter> compiled.
Entity <counter> (Architecture <behavioral>) compiled.

=========================================================================
*                     Design Hierarchy Analysis                         *
=========================================================================
Analyzing hierarchy for entity <counter> in library <work> (architecture <behavioral>).


=========================================================================
*                            HDL Analysis                               *
=========================================================================
Analyzing Entity <counter> in library <work> (Architecture <behavioral>).
Entity <counter> analyzed. Unit <counter> generated.


=========================================================================
*                           HDL Synthesis                               *
=========================================================================

Performing bidirectional port resolution...

Synthesizing Unit <counter>.
    Related source file is "C:/Users/238user/Desktop/238/Lab 2/tutorial_5/counter.vhd".
    Found 24-bit up counter for signal <clk_divider>.
    Found 4-bit up counter for signal <temp_count>.
    Found 5-bit comparator less for signal <temp_count$cmp_lt0000> created at line 69.
    Summary:
	inferred   2 Counter(s).
	inferred   1 Comparator(s).
Unit <counter> synthesized.


=========================================================================
HDL Synthesis Report

Macro Statistics
# Counters                                             : 2
 24-bit up counter                                     : 1
 4-bit up counter                                      : 1
# Comparators                                          : 1
 5-bit comparator less                                 : 1

=========================================================================

=========================================================================
*                       Advanced HDL Synthesis                          *
=========================================================================


=========================================================================
Advanced HDL Synthesis Report

Macro Statistics
# Counters                                             : 2
 24-bit up counter                                     : 1
 4-bit up counter                                      : 1
# Comparators                                          : 1
 5-bit comparator less                                 : 1

=========================================================================

=========================================================================
*                         Low Level Synthesis                           *
=========================================================================

Optimizing unit <counter> ...

Mapping all equations...
Building and optimizing final netlist ...
Found area constraint ratio of 100 (+ 5) on block counter, actual ratio is 0.

Final Macro Processing ...

=========================================================================
Final Register Report

Macro Statistics
# Registers                                            : 28
 Flip-Flops                                            : 28

=========================================================================

=========================================================================
*                           Partition Report                            *
=========================================================================

Partition Implementation Status
-------------------------------

  No Partitions were found in this design.

-------------------------------

=========================================================================
*                            Final Report                               *
=========================================================================
Final Results
RTL Top Level Output File Name     : counter.ngr
Top Level Output File Name         : counter
Output Format                      : NGC
Optimization Goal                  : Speed
Keep Hierarchy                     : No

Design Statistics
# IOs                              : 7

Cell Usage :
# BELS                             : 78
#      GND                         : 1
#      INV                         : 2
#      LUT1                        : 23
#      LUT3                        : 1
#      LUT4                        : 3
#      MUXCY                       : 23
#      VCC                         : 1
#      XORCY                       : 24
# FlipFlops/Latches                : 28
#      FD                          : 24
#      FDCE                        : 4
# Clock Buffers                    : 1
#      BUFGP                       : 1
# IO Buffers                       : 6
#      IBUF                        : 2
#      OBUF                        : 4
=========================================================================

Device utilization summary:
---------------------------

Selected Device : 3s500efg320-4 

 Number of Slices:                       15  out of   4656     0%  
 Number of Slice Flip Flops:             28  out of   9312     0%  
 Number of 4 input LUTs:                 29  out of   9312     0%  
 Number of IOs:                           7
 Number of bonded IOBs:                   7  out of    232     3%  
 Number of GCLKs:                         1  out of     24     4%  

---------------------------
Partition Resource Summary:
---------------------------

  No Partitions were found in this design.

---------------------------


=========================================================================
TIMING REPORT

NOTE: THESE TIMING NUMBERS ARE ONLY A SYNTHESIS ESTIMATE.
      FOR ACCURATE TIMING INFORMATION PLEASE REFER TO THE TRACE REPORT
      GENERATED AFTER PLACE-and-ROUTE.

Clock Information:
------------------
-----------------------------------+------------------------+-------+
Clock Signal                       | Clock buffer(FF name)  | Load  |
-----------------------------------+------------------------+-------+
clk                                | BUFGP                  | 24    |
clk_divider_23                     | NONE(temp_count_0)     | 4     |
-----------------------------------+------------------------+-------+
INFO:Xst:2169 - HDL ADVISOR - Some clock signals were not automatically buffered by XST with BUFG/BUFR resources. Please use the buffer_type constraint in order to insert these buffers to the clock signals to help prevent skew problems.

Asynchronous Control Signals Information:
----------------------------------------
-----------------------------------+------------------------+-------+
Control Signal                     | Buffer(FF name)        | Load  |
-----------------------------------+------------------------+-------+
reset                              | IBUF                   | 4     |
-----------------------------------+------------------------+-------+

Timing Summary:
---------------
Speed Grade: -4

   Minimum period: 4.705ns (Maximum Frequency: 212.540MHz)
   Minimum input arrival time before clock: 3.484ns
   Maximum output required time after clock: 4.496ns
   Maximum combinational path delay: No path found

Timing Detail:
--------------
All values displayed in nanoseconds (ns)

=========================================================================
Timing constraint: Default period analysis for Clock 'clk'
  Clock period: 4.705ns (frequency: 212.540MHz)
  Total number of paths / destination ports: 300 / 24
-------------------------------------------------------------------------
Delay:               4.705ns (Levels of Logic = 24)
  Source:            clk_divider_1 (FF)
  Destination:       clk_divider_23 (FF)
  Source Clock:      clk rising
  Destination Clock: clk rising

  Data Path: clk_divider_1 to clk_divider_23
                                Gate     Net
    Cell:in->out      fanout   Delay   Delay  Logical Name (Net Name)
    ----------------------------------------  ------------
     FD:C->Q               1   0.591   0.595  clk_divider_1 (clk_divider_1)
     LUT1:I0->O            1   0.704   0.000  Mcount_clk_divider_cy<1>_rt (Mcount_clk_divider_cy<1>_rt)
     MUXCY:S->O            1   0.464   0.000  Mcount_clk_divider_cy<1> (Mcount_clk_divider_cy<1>)
     MUXCY:CI->O           1   0.059   0.000  Mcount_clk_divider_cy<2> (Mcount_clk_divider_cy<2>)
     MUXCY:CI->O           1   0.059   0.000  Mcount_clk_divider_cy<3> (Mcount_clk_divider_cy<3>)
     MUXCY:CI->O           1   0.059   0.000  Mcount_clk_divider_cy<4> (Mcount_clk_divider_cy<4>)
     MUXCY:CI->O           1   0.059   0.000  Mcount_clk_divider_cy<5> (Mcount_clk_divider_cy<5>)
     MUXCY:CI->O           1   0.059   0.000  Mcount_clk_divider_cy<6> (Mcount_clk_divider_cy<6>)
     MUXCY:CI->O           1   0.059   0.000  Mcount_clk_divider_cy<7> (Mcount_clk_divider_cy<7>)
     MUXCY:CI->O           1   0.059   0.000  Mcount_clk_divider_cy<8> (Mcount_clk_divider_cy<8>)
     MUXCY:CI->O           1   0.059   0.000  Mcount_clk_divider_cy<9> (Mcount_clk_divider_cy<9>)
     MUXCY:CI->O           1   0.059   0.000  Mcount_clk_divider_cy<10> (Mcount_clk_divider_cy<10>)
     MUXCY:CI->O           1   0.059   0.000  Mcount_clk_divider_cy<11> (Mcount_clk_divider_cy<11>)
     MUXCY:CI->O           1   0.059   0.000  Mcount_clk_divider_cy<12> (Mcount_clk_divider_cy<12>)
     MUXCY:CI->O           1   0.059   0.000  Mcount_clk_divider_cy<13> (Mcount_clk_divider_cy<13>)
     MUXCY:CI->O           1   0.059   0.000  Mcount_clk_divider_cy<14> (Mcount_clk_divider_cy<14>)
     MUXCY:CI->O           1   0.059   0.000  Mcount_clk_divider_cy<15> (Mcount_clk_divider_cy<15>)
     MUXCY:CI->O           1   0.059   0.000  Mcount_clk_divider_cy<16> (Mcount_clk_divider_cy<16>)
     MUXCY:CI->O           1   0.059   0.000  Mcount_clk_divider_cy<17> (Mcount_clk_divider_cy<17>)
     MUXCY:CI->O           1   0.059   0.000  Mcount_clk_divider_cy<18> (Mcount_clk_divider_cy<18>)
     MUXCY:CI->O           1   0.059   0.000  Mcount_clk_divider_cy<19> (Mcount_clk_divider_cy<19>)
     MUXCY:CI->O           1   0.059   0.000  Mcount_clk_divider_cy<20> (Mcount_clk_divider_cy<20>)
     MUXCY:CI->O           1   0.059   0.000  Mcount_clk_divider_cy<21> (Mcount_clk_divider_cy<21>)
     MUXCY:CI->O           0   0.059   0.000  Mcount_clk_divider_cy<22> (Mcount_clk_divider_cy<22>)
     XORCY:CI->O           1   0.804   0.000  Mcount_clk_divider_xor<23> (Result<23>)
     FD:D                      0.308          clk_divider_23
    ----------------------------------------
    Total                      4.705ns (4.110ns logic, 0.595ns route)
                                       (87.4% logic, 12.6% route)

=========================================================================
Timing constraint: Default period analysis for Clock 'clk_divider_23'
  Clock period: 2.411ns (frequency: 414.766MHz)
  Total number of paths / destination ports: 15 / 4
-------------------------------------------------------------------------
Delay:               2.411ns (Levels of Logic = 1)
  Source:            temp_count_0 (FF)
  Destination:       temp_count_0 (FF)
  Source Clock:      clk_divider_23 rising
  Destination Clock: clk_divider_23 rising

  Data Path: temp_count_0 to temp_count_0
                                Gate     Net
    Cell:in->out      fanout   Delay   Delay  Logical Name (Net Name)
    ----------------------------------------  ------------
     FDCE:C->Q             5   0.591   0.808  temp_count_0 (temp_count_0)
     LUT4:I0->O            1   0.704   0.000  Mcount_temp_count_xor<0>11 (Mcount_temp_count)
     FDCE:D                    0.308          temp_count_0
    ----------------------------------------
    Total                      2.411ns (1.603ns logic, 0.808ns route)
                                       (66.5% logic, 33.5% route)

=========================================================================
Timing constraint: Default OFFSET IN BEFORE for Clock 'clk_divider_23'
  Total number of paths / destination ports: 4 / 4
-------------------------------------------------------------------------
Offset:              3.484ns (Levels of Logic = 2)
  Source:            pause (PAD)
  Destination:       temp_count_0 (FF)
  Destination Clock: clk_divider_23 rising

  Data Path: pause to temp_count_0
                                Gate     Net
    Cell:in->out      fanout   Delay   Delay  Logical Name (Net Name)
    ----------------------------------------  ------------
     IBUF:I->O             1   1.218   0.420  pause_IBUF (pause_IBUF)
     INV:I->O              4   0.704   0.587  pause_inv1_INV_0 (pause_inv)
     FDCE:CE                   0.555          temp_count_0
    ----------------------------------------
    Total                      3.484ns (2.477ns logic, 1.007ns route)
                                       (71.1% logic, 28.9% route)

=========================================================================
Timing constraint: Default OFFSET OUT AFTER for Clock 'clk_divider_23'
  Total number of paths / destination ports: 4 / 4
-------------------------------------------------------------------------
Offset:              4.496ns (Levels of Logic = 1)
  Source:            temp_count_3 (FF)
  Destination:       count_out<3> (PAD)
  Source Clock:      clk_divider_23 rising

  Data Path: temp_count_3 to count_out<3>
                                Gate     Net
    Cell:in->out      fanout   Delay   Delay  Logical Name (Net Name)
    ----------------------------------------  ------------
     FDCE:C->Q             5   0.591   0.633  temp_count_3 (temp_count_3)
     OBUF:I->O                 3.272          count_out_3_OBUF (count_out<3>)
    ----------------------------------------
    Total                      4.496ns (3.863ns logic, 0.633ns route)
                                       (85.9% logic, 14.1% route)

=========================================================================


Total REAL time to Xst completion: 5.00 secs
Total CPU time to Xst completion: 4.53 secs
 
--> 

Total memory usage is 187168 kilobytes

Number of errors   :    0 (   0 filtered)
Number of warnings :    0 (   0 filtered)
Number of infos    :    1 (   0 filtered)

