V3 3
FL C:/Users/Ryan/Desktop/School/ECE238L/testt/crack.vhd 2012/02/27.23:14:23 O.61xd
EN work/crack 1330444691 FL C:/Users/Ryan/Desktop/School/ECE238L/testt/crack.vhd \
      PB ieee/std_logic_1164 1308643377
AR work/crack/Behavioral 1330444692 \
      FL C:/Users/Ryan/Desktop/School/ECE238L/testt/crack.vhd EN work/crack 1330444691
