V3 3
FL "C:/Users/238user/Desktop/Chris Temp/counter/counter.vhd" 2012/02/20.19:31:02 O.40d
EN work/counter 1329865103 \
      FL "C:/Users/238user/Desktop/Chris Temp/counter/counter.vhd" \
      PB ieee/std_logic_1164 1296775758 PB ieee/std_logic_arith 1296775759 \
      PB ieee/STD_LOGIC_UNSIGNED 1296775760
AR work/counter/Behavioral 1329865104 \
      FL "C:/Users/238user/Desktop/Chris Temp/counter/counter.vhd" \
      EN work/counter 1329865103
