V3 3
FL C:/Users/238user/Desktop/Steven/counter.vhd 2012/02/13.20:14:20 O.40d
EN work/counter 1329189267 FL C:/Users/238user/Desktop/Steven/counter.vhd \
      PB ieee/std_logic_1164 1296775758 PB ieee/STD_LOGIC_UNSIGNED 1296775760
AR work/counter/Behavioral 1329189268 \
      FL C:/Users/238user/Desktop/Steven/counter.vhd EN work/counter 1329189267
