EN notgate1 NULL C:/Users/Ryan/Desktop/School/ECE238L/newhw11/newnew.vhd sub00/vhpl01 1331966484
AR notgate1 notgate1 C:/Users/Ryan/Desktop/School/ECE238L/newhw11/newnew.vhd sub00/vhpl02 1331961182
AR circuit structural C:/Users/Ryan/Desktop/School/ECE238L/newhw11/newnew.vhd sub00/vhpl07 1331966487
AR notgate1 behavioral C:/Users/Ryan/Desktop/School/ECE238L/newhw11/newnew.vhd sub00/vhpl05 1331966485
AR andgate1 andgate1 C:/Users/Ryan/Desktop/School/ECE238L/newhw11/newnew.vhd sub00/vhpl03 1331961181
AR andgate1 behavioral C:/Users/Ryan/Desktop/School/ECE238L/newhw11/newnew.vhd sub00/vhpl04 1331966483
EN andgate1 NULL C:/Users/Ryan/Desktop/School/ECE238L/newhw11/newnew.vhd sub00/vhpl00 1331966482
EN circuit NULL C:/Users/Ryan/Desktop/School/ECE238L/newhw11/newnew.vhd sub00/vhpl06 1331966486
