AR charmaps_rom rtl C:/Users/sseppala/Desktop/yavga/tags/yavga-0.8.3/vhdl/charmaps_ROM.vhd sub00/vhpl05 1380915369
AR chars_ram rtl C:/Users/sseppala/Desktop/yavga/tags/yavga-0.8.3/vhdl/chars_RAM.vhd sub00/vhpl03 1380915367
EN charmaps_rom NULL C:/Users/sseppala/Desktop/yavga/tags/yavga-0.8.3/vhdl/charmaps_ROM.vhd sub00/vhpl04 1380915368
EN vga_ctrl NULL C:/Users/sseppala/Desktop/yavga/tags/yavga-0.8.3/vhdl/vga_ctrl.vhd sub00/vhpl08 1380915372
AR vga_ctrl rtl C:/Users/sseppala/Desktop/yavga/tags/yavga-0.8.3/vhdl/vga_ctrl.vhd sub00/vhpl09 1380915373
AR ctrm arch C:/Users/sseppala/Desktop/interface_vga80x40/web_uploads/if_vga80x40/hw/ctrm.vhd sub00/vhpl13 1380915945
EN vga80x40 NULL C:/Users/sseppala/Desktop/interface_vga80x40/web_uploads/if_vga80x40/hw/vga80x40.vhd sub00/vhpl16 1380915948
EN chars_ram NULL C:/Users/sseppala/Desktop/yavga/tags/yavga-0.8.3/vhdl/chars_RAM.vhd sub00/vhpl02 1380915366
AR vga80x40_test behavioral C:/Users/sseppala/Desktop/interface_vga80x40/web_uploads/if_vga80x40/hw/vga80x40_test.vhd sub00/vhpl19 1380915951
EN s3e_starter_1600k NULL C:/Users/sseppala/Desktop/yavga/tags/yavga-0.8.3/vhdl/s3e_starter_1600k.vhd sub00/vhpl10 1380915374
EN ctrm NULL C:/Users/sseppala/Desktop/interface_vga80x40/web_uploads/if_vga80x40/hw/ctrm.vhd sub00/vhpl12 1380915944
PB yavga_pkg yavga_pkg C:/Users/sseppala/Desktop/yavga/tags/yavga-0.8.3/vhdl/yavga_pkg.vhd sub00/vhpl01 1380915365
AR waveform_ram rtl C:/Users/sseppala/Desktop/yavga/tags/yavga-0.8.3/vhdl/waveform_RAM.vhd sub00/vhpl07 1380915371
PH yavga_pkg NULL C:/Users/sseppala/Desktop/yavga/tags/yavga-0.8.3/vhdl/yavga_pkg.vhd sub00/vhpl00 1380915364
AR vga80x40 rtl C:/Users/sseppala/Desktop/interface_vga80x40/web_uploads/if_vga80x40/hw/vga80x40.vhd sub00/vhpl17 1380915949
AR losr arch C:/Users/sseppala/Desktop/interface_vga80x40/web_uploads/if_vga80x40/hw/losr.vhd sub00/vhpl15 1380915947
EN losr NULL C:/Users/sseppala/Desktop/interface_vga80x40/web_uploads/if_vga80x40/hw/losr.vhd sub00/vhpl14 1380915946
AR s3e_starter_1600k behavioral C:/Users/sseppala/Desktop/yavga/tags/yavga-0.8.3/vhdl/s3e_starter_1600k.vhd sub00/vhpl11 1380915375
EN vga80x40_test NULL C:/Users/sseppala/Desktop/interface_vga80x40/web_uploads/if_vga80x40/hw/vga80x40_test.vhd sub00/vhpl18 1380915950
EN waveform_ram NULL C:/Users/sseppala/Desktop/yavga/tags/yavga-0.8.3/vhdl/waveform_RAM.vhd sub00/vhpl06 1380915370
