V3 43
FL C:/Users/sseppala/Desktop/interface_vga80x40/web_uploads/if_vga80x40/hw/ctrm.vhd 2007/11/21.23:07:24 O.61xd
EN work/ctrm 1380915944 \
      FL C:/Users/sseppala/Desktop/interface_vga80x40/web_uploads/if_vga80x40/hw/ctrm.vhd \
      PB ieee/std_logic_1164 1308643377 PB ieee/NUMERIC_STD 1308643378
AR work/ctrm/arch 1380915945 \
      FL C:/Users/sseppala/Desktop/interface_vga80x40/web_uploads/if_vga80x40/hw/ctrm.vhd \
      EN work/ctrm 1380915944
FL C:/Users/sseppala/Desktop/interface_vga80x40/web_uploads/if_vga80x40/hw/losr.vhd 2007/11/21.23:08:08 O.61xd
EN work/losr 1380915946 \
      FL C:/Users/sseppala/Desktop/interface_vga80x40/web_uploads/if_vga80x40/hw/losr.vhd \
      PB ieee/std_logic_1164 1308643377 PB ieee/std_logic_arith 1308643378 \
      PB ieee/STD_LOGIC_UNSIGNED 1308643379
AR work/losr/arch 1380915947 \
      FL C:/Users/sseppala/Desktop/interface_vga80x40/web_uploads/if_vga80x40/hw/losr.vhd \
      EN work/losr 1380915946
FL C:/Users/sseppala/Desktop/interface_vga80x40/web_uploads/if_vga80x40/hw/vga80x40.vhd 2007/11/21.23:06:52 O.61xd
EN work/vga80x40 1380915948 \
      FL C:/Users/sseppala/Desktop/interface_vga80x40/web_uploads/if_vga80x40/hw/vga80x40.vhd \
      PB ieee/std_logic_1164 1308643377 PB ieee/NUMERIC_STD 1308643378
AR work/vga80x40/rtl 1380915949 \
      FL C:/Users/sseppala/Desktop/interface_vga80x40/web_uploads/if_vga80x40/hw/vga80x40.vhd \
      EN work/vga80x40 1380915948 CP ctrm CP losr
FL C:/Users/sseppala/Desktop/interface_vga80x40/web_uploads/if_vga80x40/hw/vga80x40_test.vhd 2007/10/21.00:17:14 O.61xd
EN work/vga80x40_test 1380915950 \
      FL C:/Users/sseppala/Desktop/interface_vga80x40/web_uploads/if_vga80x40/hw/vga80x40_test.vhd \
      PB ieee/std_logic_1164 1308643377 PB ieee/NUMERIC_STD 1308643378
AR work/vga80x40_test/behavioral 1380915951 \
      FL C:/Users/sseppala/Desktop/interface_vga80x40/web_uploads/if_vga80x40/hw/vga80x40_test.vhd \
      EN work/vga80x40_test 1380915950 CP vga80x40 CP mem_text CP mem_font
FL C:/Users/sseppala/Desktop/yavga/tags/yavga-0.8.3/vhdl/charmaps_ROM.vhd 2009/04/08.11:08:44 O.61xd
EN work/charmaps_ROM 1380915368 \
      FL C:/Users/sseppala/Desktop/yavga/tags/yavga-0.8.3/vhdl/charmaps_ROM.vhd \
      PB ieee/std_logic_1164 1308643377 PB ieee/std_logic_arith 1308643378 \
      PB ieee/STD_LOGIC_UNSIGNED 1308643379 LB UNISIM PH unisim/VCOMPONENTS 1308643377 \
      PB work/yavga_pkg 1380915365
AR work/charmaps_ROM/rtl 1380915369 \
      FL C:/Users/sseppala/Desktop/yavga/tags/yavga-0.8.3/vhdl/charmaps_ROM.vhd \
      EN work/charmaps_ROM 1380915368 CP RAMB16_S9
FL C:/Users/sseppala/Desktop/yavga/tags/yavga-0.8.3/vhdl/chars_RAM.vhd 2009/04/08.11:08:44 O.61xd
EN work/chars_RAM 1380915366 \
      FL C:/Users/sseppala/Desktop/yavga/tags/yavga-0.8.3/vhdl/chars_RAM.vhd \
      PB ieee/std_logic_1164 1308643377 PB ieee/std_logic_arith 1308643378 \
      PB ieee/STD_LOGIC_UNSIGNED 1308643379 LB UNISIM PH unisim/VCOMPONENTS 1308643377 \
      PB work/yavga_pkg 1380915365
AR work/chars_RAM/rtl 1380915367 \
      FL C:/Users/sseppala/Desktop/yavga/tags/yavga-0.8.3/vhdl/chars_RAM.vhd \
      EN work/chars_RAM 1380915366 CP RAMB16_S9_S9
FL C:/Users/sseppala/Desktop/yavga/tags/yavga-0.8.3/vhdl/s3e_starter_1600k.vhd 2009/04/08.11:08:44 O.61xd
EN work/s3e_starter_1600k 1380915374 \
      FL C:/Users/sseppala/Desktop/yavga/tags/yavga-0.8.3/vhdl/s3e_starter_1600k.vhd \
      PB ieee/std_logic_1164 1308643377 PB ieee/std_logic_arith 1308643378 \
      PB ieee/STD_LOGIC_UNSIGNED 1308643379 PB work/yavga_pkg 1380915365
AR work/s3e_starter_1600k/Behavioral 1380915375 \
      FL C:/Users/sseppala/Desktop/yavga/tags/yavga-0.8.3/vhdl/s3e_starter_1600k.vhd \
      EN work/s3e_starter_1600k 1380915374 CP vga_ctrl
FL C:/Users/sseppala/Desktop/yavga/tags/yavga-0.8.3/vhdl/vga_ctrl.vhd 2009/04/15.06:38:05 O.61xd
EN work/vga_ctrl 1380915372 \
      FL C:/Users/sseppala/Desktop/yavga/tags/yavga-0.8.3/vhdl/vga_ctrl.vhd \
      PB ieee/std_logic_1164 1308643377 PB ieee/std_logic_arith 1308643378 \
      PB ieee/STD_LOGIC_UNSIGNED 1308643379 PB work/yavga_pkg 1380915365
AR work/vga_ctrl/rtl 1380915373 \
      FL C:/Users/sseppala/Desktop/yavga/tags/yavga-0.8.3/vhdl/vga_ctrl.vhd \
      EN work/vga_ctrl 1380915372 CP chars_RAM CP charmaps_rom CP waveform_ram
FL C:/Users/sseppala/Desktop/yavga/tags/yavga-0.8.3/vhdl/waveform_RAM.vhd 2009/04/08.11:08:44 O.61xd
EN work/waveform_RAM 1380915370 \
      FL C:/Users/sseppala/Desktop/yavga/tags/yavga-0.8.3/vhdl/waveform_RAM.vhd \
      PB ieee/std_logic_1164 1308643377 PB ieee/std_logic_arith 1308643378 \
      PB ieee/STD_LOGIC_UNSIGNED 1308643379 LB UNISIM PH unisim/VCOMPONENTS 1308643377 \
      PB work/yavga_pkg 1380915365
AR work/waveform_RAM/rtl 1380915371 \
      FL C:/Users/sseppala/Desktop/yavga/tags/yavga-0.8.3/vhdl/waveform_RAM.vhd \
      EN work/waveform_RAM 1380915370 CP RAMB16_S18_S18
FL C:/Users/sseppala/Desktop/yavga/tags/yavga-0.8.3/vhdl/yavga_pkg.vhd 2009/04/08.11:08:44 O.61xd
PH work/yavga_pkg 1380915364 \
      FL C:/Users/sseppala/Desktop/yavga/tags/yavga-0.8.3/vhdl/yavga_pkg.vhd \
      PB ieee/std_logic_1164 1308643377
PB work/yavga_pkg 1380915365 \
      FL C:/Users/sseppala/Desktop/yavga/tags/yavga-0.8.3/vhdl/yavga_pkg.vhd \
      PH work/yavga_pkg 1380915364
