Release 13.4 - xst O.87xd (nt64)
Copyright (c) 1995-2011 Xilinx, Inc.  All rights reserved.
--> Parameter TMPDIR set to xst/projnav.tmp


Total REAL time to Xst completion: 0.00 secs
Total CPU time to Xst completion: 0.14 secs
 
--> Parameter xsthdpdir set to xst


Total REAL time to Xst completion: 0.00 secs
Total CPU time to Xst completion: 0.14 secs
 
--> Reading design: ATB_FPM.prj

TABLE OF CONTENTS
  1) Synthesis Options Summary
  2) HDL Parsing
  3) HDL Elaboration
  4) HDL Synthesis
       4.1) HDL Synthesis Report
  5) Advanced HDL Synthesis
       5.1) Advanced HDL Synthesis Report
  6) Low Level Synthesis
  7) Partition Report
  8) Design Summary
       8.1) Primitive and Black Box Usage
       8.2) Device utilization summary
       8.3) Partition Resource Summary
       8.4) Timing Report
            8.4.1) Clock Information
            8.4.2) Asynchronous Control Signals Information
            8.4.3) Timing Summary
            8.4.4) Timing Details
            8.4.5) Cross Clock Domains Report


=========================================================================
*                      Synthesis Options Summary                        *
=========================================================================
---- Source Parameters
Input File Name                    : "ATB_FPM.prj"
Ignore Synthesis Constraint File   : NO

---- Target Parameters
Output File Name                   : "ATB_FPM"
Output Format                      : NGC
Target Device                      : xc7a8-3-csg324

---- Source Options
Top Module Name                    : ATB_FPM
Automatic FSM Extraction           : YES
FSM Encoding Algorithm             : Auto
Safe Implementation                : No
FSM Style                          : LUT
RAM Extraction                     : Yes
RAM Style                          : Auto
ROM Extraction                     : Yes
Shift Register Extraction          : YES
ROM Style                          : Auto
Resource Sharing                   : YES
Asynchronous To Synchronous        : NO
Shift Register Minimum Size        : 2
Use DSP Block                      : Auto
Automatic Register Balancing       : No

---- Target Options
LUT Combining                      : Auto
Reduce Control Sets                : Auto
Add IO Buffers                     : YES
Global Maximum Fanout              : 100000
Add Generic Clock Buffer(BUFG)     : 32
Register Duplication               : YES
Optimize Instantiated Primitives   : NO
Use Clock Enable                   : Auto
Use Synchronous Set                : Auto
Use Synchronous Reset              : Auto
Pack IO Registers into IOBs        : Auto
Equivalent register Removal        : YES

---- General Options
Optimization Goal                  : Speed
Optimization Effort                : 1
Power Reduction                    : NO
Keep Hierarchy                     : No
Netlist Hierarchy                  : As_Optimized
RTL Output                         : Yes
Global Optimization                : AllClockNets
Read Cores                         : YES
Write Timing Constraints           : NO
Cross Clock Analysis               : NO
Hierarchy Separator                : /
Bus Delimiter                      : <>
Case Specifier                     : Maintain
Slice Utilization Ratio            : 100
BRAM Utilization Ratio             : 100
DSP48 Utilization Ratio            : 100
Auto BRAM Packing                  : NO
Slice Utilization Ratio Delta      : 5

=========================================================================

INFO:Xst - Part-select index evaluated to out of bound value may lead to incorrect synthesis results; it is recommended not to use them in RTL

=========================================================================
*                          HDL Parsing                                  *
=========================================================================
Parsing VHDL file "D:\ECE.CLASSES\ECE338\FirstAssignSpring2013\CSAdder_vhd.vhd" into library work
Parsing entity <CSADDER>.
Parsing architecture <BASIC> of entity <csadder>.
Parsing VHDL file "D:\ECE.CLASSES\ECE338\FirstAssignSpring2013\WTA7_3_vhd.vhd" into library work
Parsing entity <WTA7_3>.
Parsing architecture <BASIC> of entity <wta7_3>.
Parsing VHDL file "D:\ECE.CLASSES\ECE338\FirstAssignSpring2013\RRU7_3.vhd" into library work
Parsing entity <RRU7_3>.
Parsing architecture <WASTEFUL> of entity <rru7_3>.
Parsing VHDL file "D:\ECE.CLASSES\ECE338\FirstAssignSpring2013\RRU3_2.vhd" into library work
Parsing entity <RRU3_2>.
Parsing architecture <WASTEFUL> of entity <rru3_2>.
Parsing VHDL file "D:\ECE.CLASSES\ECE338\FirstAssignSpring2013\FP_MULTIPLIER.vhd" into library work
Parsing entity <FP_MULTIPLIER>.
Parsing architecture <Behavioral> of entity <fp_multiplier>.
Parsing VHDL file "D:\ECE.CLASSES\ECE338\FirstAssignSpring2013\Tester.vhd" into library work
Parsing entity <ATB_FPM>.
Parsing architecture <ATB_FPM> of entity <atb_fpm>.

=========================================================================
*                            HDL Elaboration                            *
=========================================================================

Elaborating entity <ATB_FPM> (architecture <ATB_FPM>) from library <work>.

Elaborating entity <FP_MULTIPLIER> (architecture <Behavioral>) from library <work>.

Elaborating entity <RRU7_3> (architecture <WASTEFUL>) from library <work>.

Elaborating entity <WTA7_3> (architecture <BASIC>) from library <work>.

Elaborating entity <CSADDER> (architecture <BASIC>) with generics from library <work>.

Elaborating entity <RRU3_2> (architecture <WASTEFUL>) from library <work>.
WARNING:HDLCompiler:634 - "D:\ECE.CLASSES\ECE338\FirstAssignSpring2013\FP_MULTIPLIER.vhd" Line 37: Net <temp[23][47]> does not have a driver.
ERROR:HDLCompiler:890 - "D:\ECE.CLASSES\ECE338\FirstAssignSpring2013\Tester.vhd" Line 66: wait statement without UNTIL clause not supported for synthesis
Netlist ATB_FPM(ATB_FPM) remains a blackbox, due to errors in its contents
--> 

Total memory usage is 243276 kilobytes

Number of errors   :    1 (   0 filtered)
Number of warnings :    1 (   0 filtered)
Number of infos    :    1 (   0 filtered)

