Classic Timing Analyzer report for Round
Tue Apr 10 21:04:45 2007
Quartus II Version 7.1 Build 156 04/30/2007 SJ Web Edition


---------------------
; Table of Contents ;
---------------------
  1. Legal Notice
  2. Timing Analyzer Summary
  3. Timing Analyzer Settings
  4. Clock Settings Summary
  5. tsu
  6. tco
  7. th
  8. Timing Analyzer Messages



----------------
; Legal Notice ;
----------------
Copyright (C) 1991-2007 Altera Corporation
Your use of Altera Corporation's design tools, logic functions 
and other software and tools, and its AMPP partner logic 
functions, and any output files from any of the foregoing 
(including device programming or simulation files), and any 
associated documentation or information are expressly subject 
to the terms and conditions of the Altera Program License 
Subscription Agreement, Altera MegaCore Function License 
Agreement, or other applicable license agreement, including, 
without limitation, that your use is for the sole purpose of 
programming logic devices manufactured by Altera and sold by 
Altera or its authorized distributors.  Please refer to the 
applicable agreement for further details.



+-------------------------------------------------------------------------------------------------------------------------------------+
; Timing Analyzer Summary                                                                                                             ;
+------------------------------+-------+---------------+-------------+------------+------------+------------+----------+--------------+
; Type                         ; Slack ; Required Time ; Actual Time ; From       ; To         ; From Clock ; To Clock ; Failed Paths ;
+------------------------------+-------+---------------+-------------+------------+------------+------------+----------+--------------+
; Worst-case tsu               ; N/A   ; None          ; 26.304 ns   ; rndip[42]  ; rndopt[23] ; --         ; en       ; 0            ;
; Worst-case tco               ; N/A   ; None          ; 9.041 ns    ; rndopt[18] ; rndop[17]  ; en         ; --       ; 0            ;
; Worst-case th                ; N/A   ; None          ; -4.260 ns   ; rndip[1]   ; rndopt[2]  ; --         ; en       ; 0            ;
; Total number of failed paths ;       ;               ;             ;            ;            ;            ;          ; 0            ;
+------------------------------+-------+---------------+-------------+------------+------------+------------+----------+--------------+


+------------------------------------------------------------------------------------------------------+
; Timing Analyzer Settings                                                                             ;
+-------------------------------------------------------+--------------------+------+----+-------------+
; Option                                                ; Setting            ; From ; To ; Entity Name ;
+-------------------------------------------------------+--------------------+------+----+-------------+
; Device Name                                           ; EP1C6Q240C8        ;      ;    ;             ;
; Timing Models                                         ; Final              ;      ;    ;             ;
; Default hold multicycle                               ; Same as Multicycle ;      ;    ;             ;
; Cut paths between unrelated clock domains             ; On                 ;      ;    ;             ;
; Cut off read during write signal paths                ; On                 ;      ;    ;             ;
; Cut off feedback from I/O pins                        ; On                 ;      ;    ;             ;
; Report Combined Fast/Slow Timing                      ; Off                ;      ;    ;             ;
; Ignore Clock Settings                                 ; Off                ;      ;    ;             ;
; Analyze latches as synchronous elements               ; On                 ;      ;    ;             ;
; Enable Recovery/Removal analysis                      ; Off                ;      ;    ;             ;
; Enable Clock Latency                                  ; Off                ;      ;    ;             ;
; Number of source nodes to report per destination node ; 10                 ;      ;    ;             ;
; Number of destination nodes to report                 ; 10                 ;      ;    ;             ;
; Number of paths to report                             ; 200                ;      ;    ;             ;
; Report Minimum Timing Checks                          ; Off                ;      ;    ;             ;
; Use Fast Timing Models                                ; Off                ;      ;    ;             ;
; Report IO Paths Separately                            ; Off                ;      ;    ;             ;
+-------------------------------------------------------+--------------------+------+----+-------------+


+------------------------------------------------------------------------------------------------------------------------------------------------------------------------------------+
; Clock Settings Summary                                                                                                                                                             ;
+-----------------+--------------------+----------+------------------+---------------+--------------+----------+-----------------------+---------------------+--------+--------------+
; Clock Node Name ; Clock Setting Name ; Type     ; Fmax Requirement ; Early Latency ; Late Latency ; Based on ; Multiply Base Fmax by ; Divide Base Fmax by ; Offset ; Phase offset ;
+-----------------+--------------------+----------+------------------+---------------+--------------+----------+-----------------------+---------------------+--------+--------------+
; en              ;                    ; User Pin ; None             ; 0.000 ns      ; 0.000 ns     ; --       ; N/A                   ; N/A                 ; N/A    ;              ;
+-----------------+--------------------+----------+------------------+---------------+--------------+----------+-----------------------+---------------------+--------+--------------+


+------------------------------------------------------------------------------------------------------------------------------------------------+
; tsu                                                                                                                                            ;
+-----------------------------------------+-----------------------------------------------------+------------+-----------+------------+----------+
; Slack                                   ; Required tsu                                        ; Actual tsu ; From      ; To         ; To Clock ;
+-----------------------------------------+-----------------------------------------------------+------------+-----------+------------+----------+
; N/A                                     ; None                                                ; 26.304 ns  ; rndip[42] ; rndopt[22] ; en       ;
; N/A                                     ; None                                                ; 26.304 ns  ; rndip[42] ; rndopt[23] ; en       ;
; N/A                                     ; None                                                ; 26.227 ns  ; rndip[42] ; rndopt[17] ; en       ;
; N/A                                     ; None                                                ; 26.227 ns  ; rndip[42] ; rndopt[18] ; en       ;
; N/A                                     ; None                                                ; 26.227 ns  ; rndip[42] ; rndopt[19] ; en       ;
; N/A                                     ; None                                                ; 26.227 ns  ; rndip[42] ; rndopt[20] ; en       ;
; N/A                                     ; None                                                ; 26.227 ns  ; rndip[42] ; rndopt[21] ; en       ;
; N/A                                     ; None                                                ; 26.204 ns  ; rndip[45] ; rndopt[22] ; en       ;
; N/A                                     ; None                                                ; 26.204 ns  ; rndip[45] ; rndopt[23] ; en       ;
; N/A                                     ; None                                                ; 26.127 ns  ; rndip[45] ; rndopt[17] ; en       ;
; N/A                                     ; None                                                ; 26.127 ns  ; rndip[45] ; rndopt[18] ; en       ;
; N/A                                     ; None                                                ; 26.127 ns  ; rndip[45] ; rndopt[19] ; en       ;
; N/A                                     ; None                                                ; 26.127 ns  ; rndip[45] ; rndopt[20] ; en       ;
; N/A                                     ; None                                                ; 26.127 ns  ; rndip[45] ; rndopt[21] ; en       ;
; N/A                                     ; None                                                ; 25.856 ns  ; rndip[42] ; rndopt[16] ; en       ;
; N/A                                     ; None                                                ; 25.776 ns  ; rndip[42] ; rndopt[15] ; en       ;
; N/A                                     ; None                                                ; 25.756 ns  ; rndip[45] ; rndopt[16] ; en       ;
; N/A                                     ; None                                                ; 25.702 ns  ; rndip[43] ; rndopt[22] ; en       ;
; N/A                                     ; None                                                ; 25.702 ns  ; rndip[43] ; rndopt[23] ; en       ;
; N/A                                     ; None                                                ; 25.676 ns  ; rndip[45] ; rndopt[15] ; en       ;
; N/A                                     ; None                                                ; 25.663 ns  ; rndip[44] ; rndopt[22] ; en       ;
; N/A                                     ; None                                                ; 25.663 ns  ; rndip[44] ; rndopt[23] ; en       ;
; N/A                                     ; None                                                ; 25.625 ns  ; rndip[43] ; rndopt[17] ; en       ;
; N/A                                     ; None                                                ; 25.625 ns  ; rndip[43] ; rndopt[18] ; en       ;
; N/A                                     ; None                                                ; 25.625 ns  ; rndip[43] ; rndopt[19] ; en       ;
; N/A                                     ; None                                                ; 25.625 ns  ; rndip[43] ; rndopt[20] ; en       ;
; N/A                                     ; None                                                ; 25.625 ns  ; rndip[43] ; rndopt[21] ; en       ;
; N/A                                     ; None                                                ; 25.586 ns  ; rndip[44] ; rndopt[17] ; en       ;
; N/A                                     ; None                                                ; 25.586 ns  ; rndip[44] ; rndopt[18] ; en       ;
; N/A                                     ; None                                                ; 25.586 ns  ; rndip[44] ; rndopt[19] ; en       ;
; N/A                                     ; None                                                ; 25.586 ns  ; rndip[44] ; rndopt[20] ; en       ;
; N/A                                     ; None                                                ; 25.586 ns  ; rndip[44] ; rndopt[21] ; en       ;
; N/A                                     ; None                                                ; 25.254 ns  ; rndip[43] ; rndopt[16] ; en       ;
; N/A                                     ; None                                                ; 25.215 ns  ; rndip[44] ; rndopt[16] ; en       ;
; N/A                                     ; None                                                ; 25.207 ns  ; rndip[39] ; rndopt[22] ; en       ;
; N/A                                     ; None                                                ; 25.207 ns  ; rndip[39] ; rndopt[23] ; en       ;
; N/A                                     ; None                                                ; 25.174 ns  ; rndip[43] ; rndopt[15] ; en       ;
; N/A                                     ; None                                                ; 25.164 ns  ; rndip[42] ; rndopt[14] ; en       ;
; N/A                                     ; None                                                ; 25.135 ns  ; rndip[44] ; rndopt[15] ; en       ;
; N/A                                     ; None                                                ; 25.130 ns  ; rndip[39] ; rndopt[17] ; en       ;
; N/A                                     ; None                                                ; 25.130 ns  ; rndip[39] ; rndopt[18] ; en       ;
; N/A                                     ; None                                                ; 25.130 ns  ; rndip[39] ; rndopt[19] ; en       ;
; N/A                                     ; None                                                ; 25.130 ns  ; rndip[39] ; rndopt[20] ; en       ;
; N/A                                     ; None                                                ; 25.130 ns  ; rndip[39] ; rndopt[21] ; en       ;
; N/A                                     ; None                                                ; 25.064 ns  ; rndip[45] ; rndopt[14] ; en       ;
; N/A                                     ; None                                                ; 24.953 ns  ; rndip[42] ; rndopt[12] ; en       ;
; N/A                                     ; None                                                ; 24.953 ns  ; rndip[42] ; rndopt[13] ; en       ;
; N/A                                     ; None                                                ; 24.889 ns  ; rndip[41] ; rndopt[22] ; en       ;
; N/A                                     ; None                                                ; 24.889 ns  ; rndip[41] ; rndopt[23] ; en       ;
; N/A                                     ; None                                                ; 24.876 ns  ; rndip[42] ; rndopt[7]  ; en       ;
; N/A                                     ; None                                                ; 24.876 ns  ; rndip[42] ; rndopt[8]  ; en       ;
; N/A                                     ; None                                                ; 24.876 ns  ; rndip[42] ; rndopt[9]  ; en       ;
; N/A                                     ; None                                                ; 24.876 ns  ; rndip[42] ; rndopt[10] ; en       ;
; N/A                                     ; None                                                ; 24.876 ns  ; rndip[42] ; rndopt[11] ; en       ;
; N/A                                     ; None                                                ; 24.853 ns  ; rndip[45] ; rndopt[12] ; en       ;
; N/A                                     ; None                                                ; 24.853 ns  ; rndip[45] ; rndopt[13] ; en       ;
; N/A                                     ; None                                                ; 24.812 ns  ; rndip[41] ; rndopt[17] ; en       ;
; N/A                                     ; None                                                ; 24.812 ns  ; rndip[41] ; rndopt[18] ; en       ;
; N/A                                     ; None                                                ; 24.812 ns  ; rndip[41] ; rndopt[19] ; en       ;
; N/A                                     ; None                                                ; 24.812 ns  ; rndip[41] ; rndopt[20] ; en       ;
; N/A                                     ; None                                                ; 24.812 ns  ; rndip[41] ; rndopt[21] ; en       ;
; N/A                                     ; None                                                ; 24.776 ns  ; rndip[45] ; rndopt[7]  ; en       ;
; N/A                                     ; None                                                ; 24.776 ns  ; rndip[45] ; rndopt[8]  ; en       ;
; N/A                                     ; None                                                ; 24.776 ns  ; rndip[45] ; rndopt[9]  ; en       ;
; N/A                                     ; None                                                ; 24.776 ns  ; rndip[45] ; rndopt[10] ; en       ;
; N/A                                     ; None                                                ; 24.776 ns  ; rndip[45] ; rndopt[11] ; en       ;
; N/A                                     ; None                                                ; 24.759 ns  ; rndip[39] ; rndopt[16] ; en       ;
; N/A                                     ; None                                                ; 24.679 ns  ; rndip[39] ; rndopt[15] ; en       ;
; N/A                                     ; None                                                ; 24.573 ns  ; rndip[40] ; rndopt[22] ; en       ;
; N/A                                     ; None                                                ; 24.573 ns  ; rndip[40] ; rndopt[23] ; en       ;
; N/A                                     ; None                                                ; 24.562 ns  ; rndip[43] ; rndopt[14] ; en       ;
; N/A                                     ; None                                                ; 24.523 ns  ; rndip[44] ; rndopt[14] ; en       ;
; N/A                                     ; None                                                ; 24.507 ns  ; rndip[42] ; rndopt[6]  ; en       ;
; N/A                                     ; None                                                ; 24.496 ns  ; rndip[40] ; rndopt[17] ; en       ;
; N/A                                     ; None                                                ; 24.496 ns  ; rndip[40] ; rndopt[18] ; en       ;
; N/A                                     ; None                                                ; 24.496 ns  ; rndip[40] ; rndopt[19] ; en       ;
; N/A                                     ; None                                                ; 24.496 ns  ; rndip[40] ; rndopt[20] ; en       ;
; N/A                                     ; None                                                ; 24.496 ns  ; rndip[40] ; rndopt[21] ; en       ;
; N/A                                     ; None                                                ; 24.441 ns  ; rndip[41] ; rndopt[16] ; en       ;
; N/A                                     ; None                                                ; 24.427 ns  ; rndip[42] ; rndopt[5]  ; en       ;
; N/A                                     ; None                                                ; 24.407 ns  ; rndip[45] ; rndopt[6]  ; en       ;
; N/A                                     ; None                                                ; 24.361 ns  ; rndip[41] ; rndopt[15] ; en       ;
; N/A                                     ; None                                                ; 24.351 ns  ; rndip[43] ; rndopt[12] ; en       ;
; N/A                                     ; None                                                ; 24.351 ns  ; rndip[43] ; rndopt[13] ; en       ;
; N/A                                     ; None                                                ; 24.327 ns  ; rndip[45] ; rndopt[5]  ; en       ;
; N/A                                     ; None                                                ; 24.312 ns  ; rndip[44] ; rndopt[12] ; en       ;
; N/A                                     ; None                                                ; 24.312 ns  ; rndip[44] ; rndopt[13] ; en       ;
; N/A                                     ; None                                                ; 24.274 ns  ; rndip[43] ; rndopt[7]  ; en       ;
; N/A                                     ; None                                                ; 24.274 ns  ; rndip[43] ; rndopt[8]  ; en       ;
; N/A                                     ; None                                                ; 24.274 ns  ; rndip[43] ; rndopt[9]  ; en       ;
; N/A                                     ; None                                                ; 24.274 ns  ; rndip[43] ; rndopt[10] ; en       ;
; N/A                                     ; None                                                ; 24.274 ns  ; rndip[43] ; rndopt[11] ; en       ;
; N/A                                     ; None                                                ; 24.235 ns  ; rndip[44] ; rndopt[7]  ; en       ;
; N/A                                     ; None                                                ; 24.235 ns  ; rndip[44] ; rndopt[8]  ; en       ;
; N/A                                     ; None                                                ; 24.235 ns  ; rndip[44] ; rndopt[9]  ; en       ;
; N/A                                     ; None                                                ; 24.235 ns  ; rndip[44] ; rndopt[10] ; en       ;
; N/A                                     ; None                                                ; 24.235 ns  ; rndip[44] ; rndopt[11] ; en       ;
; N/A                                     ; None                                                ; 24.125 ns  ; rndip[40] ; rndopt[16] ; en       ;
; N/A                                     ; None                                                ; 24.075 ns  ; rndip[35] ; rndopt[22] ; en       ;
; N/A                                     ; None                                                ; 24.075 ns  ; rndip[35] ; rndopt[23] ; en       ;
; N/A                                     ; None                                                ; 24.067 ns  ; rndip[39] ; rndopt[14] ; en       ;
; N/A                                     ; None                                                ; 24.045 ns  ; rndip[40] ; rndopt[15] ; en       ;
; N/A                                     ; None                                                ; 24.039 ns  ; rndip[42] ; rndopt[4]  ; en       ;
; N/A                                     ; None                                                ; 24.007 ns  ; rndip[37] ; rndopt[22] ; en       ;
; N/A                                     ; None                                                ; 24.007 ns  ; rndip[37] ; rndopt[23] ; en       ;
; N/A                                     ; None                                                ; 23.998 ns  ; rndip[35] ; rndopt[17] ; en       ;
; N/A                                     ; None                                                ; 23.998 ns  ; rndip[35] ; rndopt[18] ; en       ;
; N/A                                     ; None                                                ; 23.998 ns  ; rndip[35] ; rndopt[19] ; en       ;
; N/A                                     ; None                                                ; 23.998 ns  ; rndip[35] ; rndopt[20] ; en       ;
; N/A                                     ; None                                                ; 23.998 ns  ; rndip[35] ; rndopt[21] ; en       ;
; N/A                                     ; None                                                ; 23.959 ns  ; rndip[42] ; rndopt[3]  ; en       ;
; N/A                                     ; None                                                ; 23.939 ns  ; rndip[45] ; rndopt[4]  ; en       ;
; N/A                                     ; None                                                ; 23.930 ns  ; rndip[37] ; rndopt[17] ; en       ;
; N/A                                     ; None                                                ; 23.930 ns  ; rndip[37] ; rndopt[18] ; en       ;
; N/A                                     ; None                                                ; 23.930 ns  ; rndip[37] ; rndopt[19] ; en       ;
; N/A                                     ; None                                                ; 23.930 ns  ; rndip[37] ; rndopt[20] ; en       ;
; N/A                                     ; None                                                ; 23.930 ns  ; rndip[37] ; rndopt[21] ; en       ;
; N/A                                     ; None                                                ; 23.905 ns  ; rndip[43] ; rndopt[6]  ; en       ;
; N/A                                     ; None                                                ; 23.866 ns  ; rndip[44] ; rndopt[6]  ; en       ;
; N/A                                     ; None                                                ; 23.859 ns  ; rndip[45] ; rndopt[3]  ; en       ;
; N/A                                     ; None                                                ; 23.856 ns  ; rndip[39] ; rndopt[12] ; en       ;
; N/A                                     ; None                                                ; 23.856 ns  ; rndip[39] ; rndopt[13] ; en       ;
; N/A                                     ; None                                                ; 23.825 ns  ; rndip[43] ; rndopt[5]  ; en       ;
; N/A                                     ; None                                                ; 23.786 ns  ; rndip[44] ; rndopt[5]  ; en       ;
; N/A                                     ; None                                                ; 23.779 ns  ; rndip[39] ; rndopt[7]  ; en       ;
; N/A                                     ; None                                                ; 23.779 ns  ; rndip[39] ; rndopt[8]  ; en       ;
; N/A                                     ; None                                                ; 23.779 ns  ; rndip[39] ; rndopt[9]  ; en       ;
; N/A                                     ; None                                                ; 23.779 ns  ; rndip[39] ; rndopt[10] ; en       ;
; N/A                                     ; None                                                ; 23.779 ns  ; rndip[39] ; rndopt[11] ; en       ;
; N/A                                     ; None                                                ; 23.749 ns  ; rndip[41] ; rndopt[14] ; en       ;
; N/A                                     ; None                                                ; 23.627 ns  ; rndip[35] ; rndopt[16] ; en       ;
; N/A                                     ; None                                                ; 23.559 ns  ; rndip[37] ; rndopt[16] ; en       ;
; N/A                                     ; None                                                ; 23.547 ns  ; rndip[35] ; rndopt[15] ; en       ;
; N/A                                     ; None                                                ; 23.538 ns  ; rndip[41] ; rndopt[12] ; en       ;
; N/A                                     ; None                                                ; 23.538 ns  ; rndip[41] ; rndopt[13] ; en       ;
; N/A                                     ; None                                                ; 23.479 ns  ; rndip[37] ; rndopt[15] ; en       ;
; N/A                                     ; None                                                ; 23.461 ns  ; rndip[41] ; rndopt[7]  ; en       ;
; N/A                                     ; None                                                ; 23.461 ns  ; rndip[41] ; rndopt[8]  ; en       ;
; N/A                                     ; None                                                ; 23.461 ns  ; rndip[41] ; rndopt[9]  ; en       ;
; N/A                                     ; None                                                ; 23.461 ns  ; rndip[41] ; rndopt[10] ; en       ;
; N/A                                     ; None                                                ; 23.461 ns  ; rndip[41] ; rndopt[11] ; en       ;
; N/A                                     ; None                                                ; 23.437 ns  ; rndip[43] ; rndopt[4]  ; en       ;
; N/A                                     ; None                                                ; 23.433 ns  ; rndip[40] ; rndopt[14] ; en       ;
; N/A                                     ; None                                                ; 23.410 ns  ; rndip[39] ; rndopt[6]  ; en       ;
; N/A                                     ; None                                                ; 23.398 ns  ; rndip[44] ; rndopt[4]  ; en       ;
; N/A                                     ; None                                                ; 23.384 ns  ; rndip[36] ; rndopt[22] ; en       ;
; N/A                                     ; None                                                ; 23.384 ns  ; rndip[36] ; rndopt[23] ; en       ;
; N/A                                     ; None                                                ; 23.357 ns  ; rndip[43] ; rndopt[3]  ; en       ;
; N/A                                     ; None                                                ; 23.335 ns  ; rndip[42] ; rndopt[2]  ; en       ;
; N/A                                     ; None                                                ; 23.330 ns  ; rndip[39] ; rndopt[5]  ; en       ;
; N/A                                     ; None                                                ; 23.318 ns  ; rndip[44] ; rndopt[3]  ; en       ;
; N/A                                     ; None                                                ; 23.309 ns  ; rndip[38] ; rndopt[22] ; en       ;
; N/A                                     ; None                                                ; 23.309 ns  ; rndip[38] ; rndopt[23] ; en       ;
; N/A                                     ; None                                                ; 23.307 ns  ; rndip[36] ; rndopt[17] ; en       ;
; N/A                                     ; None                                                ; 23.307 ns  ; rndip[36] ; rndopt[18] ; en       ;
; N/A                                     ; None                                                ; 23.307 ns  ; rndip[36] ; rndopt[19] ; en       ;
; N/A                                     ; None                                                ; 23.307 ns  ; rndip[36] ; rndopt[20] ; en       ;
; N/A                                     ; None                                                ; 23.307 ns  ; rndip[36] ; rndopt[21] ; en       ;
; N/A                                     ; None                                                ; 23.235 ns  ; rndip[45] ; rndopt[2]  ; en       ;
; N/A                                     ; None                                                ; 23.232 ns  ; rndip[38] ; rndopt[17] ; en       ;
; N/A                                     ; None                                                ; 23.232 ns  ; rndip[38] ; rndopt[18] ; en       ;
; N/A                                     ; None                                                ; 23.232 ns  ; rndip[38] ; rndopt[19] ; en       ;
; N/A                                     ; None                                                ; 23.232 ns  ; rndip[38] ; rndopt[20] ; en       ;
; N/A                                     ; None                                                ; 23.232 ns  ; rndip[38] ; rndopt[21] ; en       ;
; N/A                                     ; None                                                ; 23.222 ns  ; rndip[40] ; rndopt[12] ; en       ;
; N/A                                     ; None                                                ; 23.222 ns  ; rndip[40] ; rndopt[13] ; en       ;
; N/A                                     ; None                                                ; 23.145 ns  ; rndip[40] ; rndopt[7]  ; en       ;
; N/A                                     ; None                                                ; 23.145 ns  ; rndip[40] ; rndopt[8]  ; en       ;
; N/A                                     ; None                                                ; 23.145 ns  ; rndip[40] ; rndopt[9]  ; en       ;
; N/A                                     ; None                                                ; 23.145 ns  ; rndip[40] ; rndopt[10] ; en       ;
; N/A                                     ; None                                                ; 23.145 ns  ; rndip[40] ; rndopt[11] ; en       ;
; N/A                                     ; None                                                ; 23.092 ns  ; rndip[41] ; rndopt[6]  ; en       ;
; N/A                                     ; None                                                ; 23.012 ns  ; rndip[41] ; rndopt[5]  ; en       ;
; N/A                                     ; None                                                ; 22.942 ns  ; rndip[39] ; rndopt[4]  ; en       ;
; N/A                                     ; None                                                ; 22.936 ns  ; rndip[36] ; rndopt[16] ; en       ;
; N/A                                     ; None                                                ; 22.935 ns  ; rndip[35] ; rndopt[14] ; en       ;
; N/A                                     ; None                                                ; 22.867 ns  ; rndip[37] ; rndopt[14] ; en       ;
; N/A                                     ; None                                                ; 22.862 ns  ; rndip[39] ; rndopt[3]  ; en       ;
; N/A                                     ; None                                                ; 22.861 ns  ; rndip[38] ; rndopt[16] ; en       ;
; N/A                                     ; None                                                ; 22.856 ns  ; rndip[36] ; rndopt[15] ; en       ;
; N/A                                     ; None                                                ; 22.781 ns  ; rndip[38] ; rndopt[15] ; en       ;
; N/A                                     ; None                                                ; 22.776 ns  ; rndip[40] ; rndopt[6]  ; en       ;
; N/A                                     ; None                                                ; 22.733 ns  ; rndip[43] ; rndopt[2]  ; en       ;
; N/A                                     ; None                                                ; 22.724 ns  ; rndip[35] ; rndopt[12] ; en       ;
; N/A                                     ; None                                                ; 22.724 ns  ; rndip[35] ; rndopt[13] ; en       ;
; N/A                                     ; None                                                ; 22.696 ns  ; rndip[40] ; rndopt[5]  ; en       ;
; N/A                                     ; None                                                ; 22.694 ns  ; rndip[44] ; rndopt[2]  ; en       ;
; N/A                                     ; None                                                ; 22.656 ns  ; rndip[37] ; rndopt[12] ; en       ;
; N/A                                     ; None                                                ; 22.656 ns  ; rndip[37] ; rndopt[13] ; en       ;
; N/A                                     ; None                                                ; 22.647 ns  ; rndip[35] ; rndopt[7]  ; en       ;
; N/A                                     ; None                                                ; 22.647 ns  ; rndip[35] ; rndopt[8]  ; en       ;
; N/A                                     ; None                                                ; 22.647 ns  ; rndip[35] ; rndopt[9]  ; en       ;
; N/A                                     ; None                                                ; 22.647 ns  ; rndip[35] ; rndopt[10] ; en       ;
; N/A                                     ; None                                                ; 22.647 ns  ; rndip[35] ; rndopt[11] ; en       ;
; N/A                                     ; None                                                ; 22.624 ns  ; rndip[41] ; rndopt[4]  ; en       ;
; N/A                                     ; None                                                ; 22.579 ns  ; rndip[37] ; rndopt[7]  ; en       ;
; N/A                                     ; None                                                ; 22.579 ns  ; rndip[37] ; rndopt[8]  ; en       ;
; N/A                                     ; None                                                ; 22.579 ns  ; rndip[37] ; rndopt[9]  ; en       ;
; N/A                                     ; None                                                ; 22.579 ns  ; rndip[37] ; rndopt[10] ; en       ;
; N/A                                     ; None                                                ; 22.579 ns  ; rndip[37] ; rndopt[11] ; en       ;
; Timing analysis restricted to 200 rows. ; To change the limit use Settings (Assignments menu) ;            ;           ;            ;          ;
+-----------------------------------------+-----------------------------------------------------+------------+-----------+------------+----------+


+-------------------------------------------------------------------------+
; tco                                                                     ;
+-------+--------------+------------+------------+-----------+------------+
; Slack ; Required tco ; Actual tco ; From       ; To        ; From Clock ;
+-------+--------------+------------+------------+-----------+------------+
; N/A   ; None         ; 9.041 ns   ; rndopt[18] ; rndop[17] ; en         ;
; N/A   ; None         ; 8.883 ns   ; rndopt[12] ; rndop[11] ; en         ;
; N/A   ; None         ; 8.227 ns   ; rndopt[8]  ; rndop[7]  ; en         ;
; N/A   ; None         ; 8.170 ns   ; rndopt[1]  ; rndop[0]  ; en         ;
; N/A   ; None         ; 8.150 ns   ; rndopt[17] ; rndop[16] ; en         ;
; N/A   ; None         ; 8.142 ns   ; aexpt[4]   ; addexp[4] ; en         ;
; N/A   ; None         ; 8.142 ns   ; rndopt[6]  ; rndop[5]  ; en         ;
; N/A   ; None         ; 8.129 ns   ; rndopt[15] ; rndop[14] ; en         ;
; N/A   ; None         ; 8.128 ns   ; rndopt[11] ; rndop[10] ; en         ;
; N/A   ; None         ; 8.124 ns   ; rndopt[19] ; rndop[18] ; en         ;
; N/A   ; None         ; 8.123 ns   ; rndopt[21] ; rndop[20] ; en         ;
; N/A   ; None         ; 8.107 ns   ; rndopt[9]  ; rndop[8]  ; en         ;
; N/A   ; None         ; 8.101 ns   ; rndopt[10] ; rndop[9]  ; en         ;
; N/A   ; None         ; 8.094 ns   ; rndopt[5]  ; rndop[4]  ; en         ;
; N/A   ; None         ; 7.941 ns   ; rndopt[13] ; rndop[12] ; en         ;
; N/A   ; None         ; 7.932 ns   ; rndopt[14] ; rndop[13] ; en         ;
; N/A   ; None         ; 7.909 ns   ; rndopt[4]  ; rndop[3]  ; en         ;
; N/A   ; None         ; 7.898 ns   ; rndopt[3]  ; rndop[2]  ; en         ;
; N/A   ; None         ; 7.869 ns   ; rndopt[23] ; rndop[22] ; en         ;
; N/A   ; None         ; 7.792 ns   ; rndopt[2]  ; rndop[1]  ; en         ;
; N/A   ; None         ; 7.770 ns   ; aexpt[3]   ; addexp[3] ; en         ;
; N/A   ; None         ; 7.702 ns   ; aexpt[0]   ; addexp[0] ; en         ;
; N/A   ; None         ; 7.607 ns   ; rndopt[16] ; rndop[15] ; en         ;
; N/A   ; None         ; 7.568 ns   ; aexpt[2]   ; addexp[2] ; en         ;
; N/A   ; None         ; 7.541 ns   ; rndopt[20] ; rndop[19] ; en         ;
; N/A   ; None         ; 7.540 ns   ; rndopt[7]  ; rndop[6]  ; en         ;
; N/A   ; None         ; 7.490 ns   ; rndopt[22] ; rndop[21] ; en         ;
; N/A   ; None         ; 7.397 ns   ; aexpt[1]   ; addexp[1] ; en         ;
+-------+--------------+------------+------------+-----------+------------+


+-----------------------------------------------------------------------------------------------------------------------------------------------+
; th                                                                                                                                            ;
+-----------------------------------------+-----------------------------------------------------+-----------+-----------+------------+----------+
; Minimum Slack                           ; Required th                                         ; Actual th ; From      ; To         ; To Clock ;
+-----------------------------------------+-----------------------------------------------------+-----------+-----------+------------+----------+
; N/A                                     ; None                                                ; -4.260 ns ; rndip[1]  ; rndopt[2]  ; en       ;
; N/A                                     ; None                                                ; -4.869 ns ; rndip[1]  ; rndopt[3]  ; en       ;
; N/A                                     ; None                                                ; -4.947 ns ; rndip[1]  ; rndopt[4]  ; en       ;
; N/A                                     ; None                                                ; -5.025 ns ; rndip[1]  ; rndopt[5]  ; en       ;
; N/A                                     ; None                                                ; -5.045 ns ; rndip[36] ; aexpt[1]   ; en       ;
; N/A                                     ; None                                                ; -5.084 ns ; rndip[45] ; aexpt[0]   ; en       ;
; N/A                                     ; None                                                ; -5.103 ns ; rndip[1]  ; rndopt[6]  ; en       ;
; N/A                                     ; None                                                ; -5.377 ns ; rndip[1]  ; rndopt[1]  ; en       ;
; N/A                                     ; None                                                ; -5.426 ns ; rndip[44] ; aexpt[0]   ; en       ;
; N/A                                     ; None                                                ; -5.489 ns ; rndip[1]  ; rndopt[7]  ; en       ;
; N/A                                     ; None                                                ; -5.489 ns ; rndip[1]  ; rndopt[8]  ; en       ;
; N/A                                     ; None                                                ; -5.489 ns ; rndip[1]  ; rndopt[9]  ; en       ;
; N/A                                     ; None                                                ; -5.489 ns ; rndip[1]  ; rndopt[10] ; en       ;
; N/A                                     ; None                                                ; -5.489 ns ; rndip[1]  ; rndopt[11] ; en       ;
; N/A                                     ; None                                                ; -5.566 ns ; rndip[1]  ; rndopt[12] ; en       ;
; N/A                                     ; None                                                ; -5.566 ns ; rndip[1]  ; rndopt[13] ; en       ;
; N/A                                     ; None                                                ; -5.566 ns ; rndip[1]  ; rndopt[14] ; en       ;
; N/A                                     ; None                                                ; -5.566 ns ; rndip[1]  ; rndopt[15] ; en       ;
; N/A                                     ; None                                                ; -5.566 ns ; rndip[1]  ; rndopt[16] ; en       ;
; N/A                                     ; None                                                ; -5.591 ns ; rndip[41] ; aexpt[0]   ; en       ;
; N/A                                     ; None                                                ; -5.715 ns ; rndip[43] ; aexpt[1]   ; en       ;
; N/A                                     ; None                                                ; -5.833 ns ; rndip[1]  ; rndopt[17] ; en       ;
; N/A                                     ; None                                                ; -5.833 ns ; rndip[1]  ; rndopt[18] ; en       ;
; N/A                                     ; None                                                ; -5.833 ns ; rndip[1]  ; rndopt[19] ; en       ;
; N/A                                     ; None                                                ; -5.833 ns ; rndip[1]  ; rndopt[20] ; en       ;
; N/A                                     ; None                                                ; -5.833 ns ; rndip[1]  ; rndopt[21] ; en       ;
; N/A                                     ; None                                                ; -5.910 ns ; rndip[1]  ; rndopt[22] ; en       ;
; N/A                                     ; None                                                ; -5.910 ns ; rndip[1]  ; rndopt[23] ; en       ;
; N/A                                     ; None                                                ; -5.943 ns ; rndip[43] ; aexpt[0]   ; en       ;
; N/A                                     ; None                                                ; -5.967 ns ; rndip[37] ; aexpt[1]   ; en       ;
; N/A                                     ; None                                                ; -6.013 ns ; rndip[44] ; aexpt[1]   ; en       ;
; N/A                                     ; None                                                ; -6.055 ns ; rndip[30] ; aexpt[3]   ; en       ;
; N/A                                     ; None                                                ; -6.059 ns ; rndip[42] ; aexpt[0]   ; en       ;
; N/A                                     ; None                                                ; -6.063 ns ; rndip[45] ; aexpt[1]   ; en       ;
; N/A                                     ; None                                                ; -6.134 ns ; rndip[28] ; aexpt[2]   ; en       ;
; N/A                                     ; None                                                ; -6.211 ns ; rndip[42] ; aexpt[1]   ; en       ;
; N/A                                     ; None                                                ; -6.262 ns ; rndip[27] ; aexpt[2]   ; en       ;
; N/A                                     ; None                                                ; -6.268 ns ; rndip[41] ; aexpt[1]   ; en       ;
; N/A                                     ; None                                                ; -6.439 ns ; rndip[40] ; aexpt[1]   ; en       ;
; N/A                                     ; None                                                ; -6.585 ns ; rndip[40] ; aexpt[0]   ; en       ;
; N/A                                     ; None                                                ; -6.585 ns ; rndip[31] ; aexpt[3]   ; en       ;
; N/A                                     ; None                                                ; -6.611 ns ; rndip[34] ; aexpt[1]   ; en       ;
; N/A                                     ; None                                                ; -6.626 ns ; rndip[35] ; aexpt[1]   ; en       ;
; N/A                                     ; None                                                ; -6.641 ns ; rndip[24] ; aexpt[0]   ; en       ;
; N/A                                     ; None                                                ; -6.647 ns ; rndip[33] ; aexpt[3]   ; en       ;
; N/A                                     ; None                                                ; -6.868 ns ; rndip[38] ; aexpt[1]   ; en       ;
; N/A                                     ; None                                                ; -6.879 ns ; rndip[26] ; aexpt[2]   ; en       ;
; N/A                                     ; None                                                ; -6.884 ns ; rndip[34] ; aexpt[3]   ; en       ;
; N/A                                     ; None                                                ; -6.920 ns ; rndip[38] ; aexpt[3]   ; en       ;
; N/A                                     ; None                                                ; -6.951 ns ; rndip[25] ; aexpt[0]   ; en       ;
; N/A                                     ; None                                                ; -7.055 ns ; rndip[0]  ; rndopt[1]  ; en       ;
; N/A                                     ; None                                                ; -7.122 ns ; rndip[17] ; rndopt[18] ; en       ;
; N/A                                     ; None                                                ; -7.248 ns ; rndip[34] ; aexpt[2]   ; en       ;
; N/A                                     ; None                                                ; -7.281 ns ; rndip[28] ; aexpt[0]   ; en       ;
; N/A                                     ; None                                                ; -7.397 ns ; rndip[39] ; aexpt[0]   ; en       ;
; N/A                                     ; None                                                ; -7.423 ns ; rndip[27] ; aexpt[0]   ; en       ;
; N/A                                     ; None                                                ; -7.473 ns ; rndip[26] ; aexpt[0]   ; en       ;
; N/A                                     ; None                                                ; -7.592 ns ; rndip[29] ; aexpt[2]   ; en       ;
; N/A                                     ; None                                                ; -7.608 ns ; rndip[32] ; aexpt[3]   ; en       ;
; N/A                                     ; None                                                ; -7.621 ns ; rndip[10] ; rndopt[9]  ; en       ;
; N/A                                     ; None                                                ; -7.626 ns ; rndip[23] ; aexpt[0]   ; en       ;
; N/A                                     ; None                                                ; -7.652 ns ; rndip[24] ; aexpt[1]   ; en       ;
; N/A                                     ; None                                                ; -7.664 ns ; rndip[2]  ; rndopt[3]  ; en       ;
; N/A                                     ; None                                                ; -7.679 ns ; rndip[4]  ; rndopt[5]  ; en       ;
; N/A                                     ; None                                                ; -7.700 ns ; rndip[38] ; aexpt[2]   ; en       ;
; N/A                                     ; None                                                ; -7.731 ns ; rndip[17] ; rndopt[19] ; en       ;
; N/A                                     ; None                                                ; -7.734 ns ; rndip[36] ; aexpt[0]   ; en       ;
; N/A                                     ; None                                                ; -7.775 ns ; rndip[36] ; aexpt[2]   ; en       ;
; N/A                                     ; None                                                ; -7.809 ns ; rndip[17] ; rndopt[20] ; en       ;
; N/A                                     ; None                                                ; -7.843 ns ; rndip[44] ; aexpt[2]   ; en       ;
; N/A                                     ; None                                                ; -7.874 ns ; rndip[0]  ; rndopt[2]  ; en       ;
; N/A                                     ; None                                                ; -7.874 ns ; rndip[0]  ; rndopt[3]  ; en       ;
; N/A                                     ; None                                                ; -7.874 ns ; rndip[0]  ; rndopt[4]  ; en       ;
; N/A                                     ; None                                                ; -7.874 ns ; rndip[0]  ; rndopt[5]  ; en       ;
; N/A                                     ; None                                                ; -7.874 ns ; rndip[0]  ; rndopt[6]  ; en       ;
; N/A                                     ; None                                                ; -7.882 ns ; rndip[43] ; aexpt[2]   ; en       ;
; N/A                                     ; None                                                ; -7.887 ns ; rndip[17] ; rndopt[21] ; en       ;
; N/A                                     ; None                                                ; -7.919 ns ; rndip[10] ; rndopt[11] ; en       ;
; N/A                                     ; None                                                ; -7.968 ns ; rndip[26] ; aexpt[1]   ; en       ;
; N/A                                     ; None                                                ; -7.977 ns ; rndip[24] ; rndopt[1]  ; en       ;
; N/A                                     ; None                                                ; -7.991 ns ; rndip[29] ; aexpt[1]   ; en       ;
; N/A                                     ; None                                                ; -8.002 ns ; rndip[38] ; aexpt[0]   ; en       ;
; N/A                                     ; None                                                ; -8.009 ns ; rndip[25] ; rndopt[14] ; en       ;
; N/A                                     ; None                                                ; -8.027 ns ; rndip[9]  ; rndopt[10] ; en       ;
; N/A                                     ; None                                                ; -8.115 ns ; rndip[17] ; rndopt[22] ; en       ;
; N/A                                     ; None                                                ; -8.115 ns ; rndip[17] ; rndopt[23] ; en       ;
; N/A                                     ; None                                                ; -8.115 ns ; rndip[8]  ; rndopt[9]  ; en       ;
; N/A                                     ; None                                                ; -8.141 ns ; rndip[0]  ; rndopt[7]  ; en       ;
; N/A                                     ; None                                                ; -8.141 ns ; rndip[0]  ; rndopt[8]  ; en       ;
; N/A                                     ; None                                                ; -8.141 ns ; rndip[0]  ; rndopt[9]  ; en       ;
; N/A                                     ; None                                                ; -8.141 ns ; rndip[0]  ; rndopt[10] ; en       ;
; N/A                                     ; None                                                ; -8.141 ns ; rndip[0]  ; rndopt[11] ; en       ;
; N/A                                     ; None                                                ; -8.174 ns ; rndip[39] ; aexpt[1]   ; en       ;
; N/A                                     ; None                                                ; -8.176 ns ; rndip[40] ; aexpt[3]   ; en       ;
; N/A                                     ; None                                                ; -8.185 ns ; rndip[31] ; aexpt[2]   ; en       ;
; N/A                                     ; None                                                ; -8.186 ns ; rndip[22] ; rndopt[21] ; en       ;
; N/A                                     ; None                                                ; -8.196 ns ; rndip[33] ; aexpt[0]   ; en       ;
; N/A                                     ; None                                                ; -8.218 ns ; rndip[0]  ; rndopt[12] ; en       ;
; N/A                                     ; None                                                ; -8.218 ns ; rndip[0]  ; rndopt[13] ; en       ;
; N/A                                     ; None                                                ; -8.218 ns ; rndip[0]  ; rndopt[14] ; en       ;
; N/A                                     ; None                                                ; -8.218 ns ; rndip[0]  ; rndopt[15] ; en       ;
; N/A                                     ; None                                                ; -8.218 ns ; rndip[0]  ; rndopt[16] ; en       ;
; N/A                                     ; None                                                ; -8.220 ns ; rndip[10] ; rndopt[10] ; en       ;
; N/A                                     ; None                                                ; -8.223 ns ; rndip[12] ; rndopt[10] ; en       ;
; N/A                                     ; None                                                ; -8.261 ns ; rndip[24] ; rndopt[13] ; en       ;
; N/A                                     ; None                                                ; -8.264 ns ; rndip[15] ; rndopt[4]  ; en       ;
; N/A                                     ; None                                                ; -8.273 ns ; rndip[2]  ; rndopt[4]  ; en       ;
; N/A                                     ; None                                                ; -8.278 ns ; rndip[4]  ; rndopt[6]  ; en       ;
; N/A                                     ; None                                                ; -8.290 ns ; rndip[33] ; rndopt[5]  ; en       ;
; N/A                                     ; None                                                ; -8.291 ns ; rndip[23] ; rndopt[1]  ; en       ;
; N/A                                     ; None                                                ; -8.302 ns ; rndip[34] ; aexpt[0]   ; en       ;
; N/A                                     ; None                                                ; -8.351 ns ; rndip[2]  ; rndopt[5]  ; en       ;
; N/A                                     ; None                                                ; -8.362 ns ; rndip[6]  ; rndopt[7]  ; en       ;
; N/A                                     ; None                                                ; -8.366 ns ; rndip[30] ; aexpt[2]   ; en       ;
; N/A                                     ; None                                                ; -8.384 ns ; rndip[45] ; aexpt[2]   ; en       ;
; N/A                                     ; None                                                ; -8.398 ns ; rndip[37] ; aexpt[2]   ; en       ;
; N/A                                     ; None                                                ; -8.413 ns ; rndip[27] ; aexpt[1]   ; en       ;
; N/A                                     ; None                                                ; -8.429 ns ; rndip[2]  ; rndopt[6]  ; en       ;
; N/A                                     ; None                                                ; -8.449 ns ; rndip[36] ; rndopt[23] ; en       ;
; N/A                                     ; None                                                ; -8.461 ns ; rndip[30] ; aexpt[4]   ; en       ;
; N/A                                     ; None                                                ; -8.466 ns ; rndip[35] ; aexpt[2]   ; en       ;
; N/A                                     ; None                                                ; -8.467 ns ; rndip[33] ; rndopt[19] ; en       ;
; N/A                                     ; None                                                ; -8.471 ns ; rndip[33] ; rndopt[15] ; en       ;
; N/A                                     ; None                                                ; -8.484 ns ; rndip[42] ; aexpt[2]   ; en       ;
; N/A                                     ; None                                                ; -8.485 ns ; rndip[0]  ; rndopt[17] ; en       ;
; N/A                                     ; None                                                ; -8.485 ns ; rndip[0]  ; rndopt[18] ; en       ;
; N/A                                     ; None                                                ; -8.485 ns ; rndip[0]  ; rndopt[19] ; en       ;
; N/A                                     ; None                                                ; -8.485 ns ; rndip[0]  ; rndopt[20] ; en       ;
; N/A                                     ; None                                                ; -8.485 ns ; rndip[0]  ; rndopt[21] ; en       ;
; N/A                                     ; None                                                ; -8.492 ns ; rndip[41] ; aexpt[3]   ; en       ;
; N/A                                     ; None                                                ; -8.502 ns ; rndip[25] ; rndopt[5]  ; en       ;
; N/A                                     ; None                                                ; -8.515 ns ; rndip[12] ; rndopt[1]  ; en       ;
; N/A                                     ; None                                                ; -8.516 ns ; rndip[33] ; rndopt[20] ; en       ;
; N/A                                     ; None                                                ; -8.519 ns ; rndip[11] ; rndopt[9]  ; en       ;
; N/A                                     ; None                                                ; -8.522 ns ; rndip[10] ; rndopt[12] ; en       ;
; N/A                                     ; None                                                ; -8.522 ns ; rndip[10] ; rndopt[13] ; en       ;
; N/A                                     ; None                                                ; -8.522 ns ; rndip[10] ; rndopt[14] ; en       ;
; N/A                                     ; None                                                ; -8.522 ns ; rndip[10] ; rndopt[15] ; en       ;
; N/A                                     ; None                                                ; -8.522 ns ; rndip[10] ; rndopt[16] ; en       ;
; N/A                                     ; None                                                ; -8.522 ns ; rndip[31] ; aexpt[4]   ; en       ;
; N/A                                     ; None                                                ; -8.534 ns ; rndip[25] ; rndopt[1]  ; en       ;
; N/A                                     ; None                                                ; -8.540 ns ; rndip[29] ; rndopt[18] ; en       ;
; N/A                                     ; None                                                ; -8.550 ns ; rndip[9]  ; rndopt[9]  ; en       ;
; N/A                                     ; None                                                ; -8.557 ns ; rndip[23] ; rndopt[12] ; en       ;
; N/A                                     ; None                                                ; -8.562 ns ; rndip[0]  ; rndopt[22] ; en       ;
; N/A                                     ; None                                                ; -8.562 ns ; rndip[0]  ; rndopt[23] ; en       ;
; N/A                                     ; None                                                ; -8.569 ns ; rndip[33] ; rndopt[1]  ; en       ;
; N/A                                     ; None                                                ; -8.597 ns ; rndip[3]  ; rndopt[4]  ; en       ;
; N/A                                     ; None                                                ; -8.599 ns ; rndip[21] ; rndopt[22] ; en       ;
; N/A                                     ; None                                                ; -8.608 ns ; rndip[25] ; rndopt[15] ; en       ;
; N/A                                     ; None                                                ; -8.612 ns ; rndip[7]  ; rndopt[8]  ; en       ;
; N/A                                     ; None                                                ; -8.626 ns ; rndip[9]  ; rndopt[11] ; en       ;
; N/A                                     ; None                                                ; -8.631 ns ; rndip[5]  ; rndopt[6]  ; en       ;
; N/A                                     ; None                                                ; -8.643 ns ; rndip[13] ; rndopt[14] ; en       ;
; N/A                                     ; None                                                ; -8.660 ns ; rndip[4]  ; rndopt[7]  ; en       ;
; N/A                                     ; None                                                ; -8.660 ns ; rndip[4]  ; rndopt[8]  ; en       ;
; N/A                                     ; None                                                ; -8.660 ns ; rndip[4]  ; rndopt[9]  ; en       ;
; N/A                                     ; None                                                ; -8.660 ns ; rndip[4]  ; rndopt[10] ; en       ;
; N/A                                     ; None                                                ; -8.660 ns ; rndip[4]  ; rndopt[11] ; en       ;
; N/A                                     ; None                                                ; -8.671 ns ; rndip[27] ; rndopt[16] ; en       ;
; N/A                                     ; None                                                ; -8.674 ns ; rndip[33] ; aexpt[2]   ; en       ;
; N/A                                     ; None                                                ; -8.686 ns ; rndip[25] ; rndopt[16] ; en       ;
; N/A                                     ; None                                                ; -8.686 ns ; rndip[28] ; rndopt[17] ; en       ;
; N/A                                     ; None                                                ; -8.706 ns ; rndip[16] ; rndopt[5]  ; en       ;
; N/A                                     ; None                                                ; -8.706 ns ; rndip[37] ; aexpt[0]   ; en       ;
; N/A                                     ; None                                                ; -8.714 ns ; rndip[8]  ; rndopt[10] ; en       ;
; N/A                                     ; None                                                ; -8.732 ns ; rndip[4]  ; rndopt[3]  ; en       ;
; N/A                                     ; None                                                ; -8.737 ns ; rndip[4]  ; rndopt[12] ; en       ;
; N/A                                     ; None                                                ; -8.737 ns ; rndip[4]  ; rndopt[13] ; en       ;
; N/A                                     ; None                                                ; -8.737 ns ; rndip[4]  ; rndopt[14] ; en       ;
; N/A                                     ; None                                                ; -8.737 ns ; rndip[4]  ; rndopt[15] ; en       ;
; N/A                                     ; None                                                ; -8.737 ns ; rndip[4]  ; rndopt[16] ; en       ;
; N/A                                     ; None                                                ; -8.741 ns ; rndip[29] ; aexpt[0]   ; en       ;
; N/A                                     ; None                                                ; -8.749 ns ; rndip[33] ; rndopt[13] ; en       ;
; N/A                                     ; None                                                ; -8.757 ns ; rndip[15] ; rndopt[11] ; en       ;
; N/A                                     ; None                                                ; -8.774 ns ; rndip[33] ; rndopt[9]  ; en       ;
; N/A                                     ; None                                                ; -8.779 ns ; rndip[31] ; rndopt[20] ; en       ;
; N/A                                     ; None                                                ; -8.785 ns ; rndip[2]  ; rndopt[1]  ; en       ;
; N/A                                     ; None                                                ; -8.789 ns ; rndip[10] ; rndopt[17] ; en       ;
; N/A                                     ; None                                                ; -8.789 ns ; rndip[10] ; rndopt[18] ; en       ;
; N/A                                     ; None                                                ; -8.789 ns ; rndip[10] ; rndopt[19] ; en       ;
; N/A                                     ; None                                                ; -8.789 ns ; rndip[10] ; rndopt[20] ; en       ;
; N/A                                     ; None                                                ; -8.789 ns ; rndip[10] ; rndopt[21] ; en       ;
; N/A                                     ; None                                                ; -8.792 ns ; rndip[24] ; rndopt[2]  ; en       ;
; N/A                                     ; None                                                ; -8.792 ns ; rndip[24] ; rndopt[3]  ; en       ;
; N/A                                     ; None                                                ; -8.792 ns ; rndip[24] ; rndopt[4]  ; en       ;
; N/A                                     ; None                                                ; -8.792 ns ; rndip[24] ; rndopt[5]  ; en       ;
; N/A                                     ; None                                                ; -8.792 ns ; rndip[24] ; rndopt[6]  ; en       ;
; N/A                                     ; None                                                ; -8.792 ns ; rndip[8]  ; rndopt[11] ; en       ;
; N/A                                     ; None                                                ; -8.810 ns ; rndip[39] ; aexpt[3]   ; en       ;
; N/A                                     ; None                                                ; -8.815 ns ; rndip[2]  ; rndopt[7]  ; en       ;
; N/A                                     ; None                                                ; -8.815 ns ; rndip[2]  ; rndopt[8]  ; en       ;
; N/A                                     ; None                                                ; -8.815 ns ; rndip[2]  ; rndopt[9]  ; en       ;
; N/A                                     ; None                                                ; -8.815 ns ; rndip[2]  ; rndopt[10] ; en       ;
; N/A                                     ; None                                                ; -8.815 ns ; rndip[2]  ; rndopt[11] ; en       ;
; N/A                                     ; None                                                ; -8.822 ns ; rndip[12] ; rndopt[11] ; en       ;
; N/A                                     ; None                                                ; -8.825 ns ; rndip[20] ; rndopt[21] ; en       ;
; N/A                                     ; None                                                ; -8.826 ns ; rndip[35] ; rndopt[23] ; en       ;
; N/A                                     ; None                                                ; -8.848 ns ; rndip[9]  ; rndopt[12] ; en       ;
; N/A                                     ; None                                                ; -8.848 ns ; rndip[9]  ; rndopt[13] ; en       ;
; Timing analysis restricted to 200 rows. ; To change the limit use Settings (Assignments menu) ;           ;           ;            ;          ;
+-----------------------------------------+-----------------------------------------------------+-----------+-----------+------------+----------+


+--------------------------+
; Timing Analyzer Messages ;
+--------------------------+
Info: *******************************************************************
Info: Running Quartus II Classic Timing Analyzer
    Info: Version 7.1 Build 156 04/30/2007 SJ Web Edition
    Info: Processing started: Tue Apr 10 21:04:44 2007
Info: Command: quartus_tan --read_settings_files=off --write_settings_files=off Round -c Round --timing_analysis_only
Warning: Found pins functioning as undefined clocks and/or memory enables
    Info: Assuming node "en" is an undefined clock
Info: No valid register-to-register data paths exist for clock "en"
Info: tsu for register "rndopt[22]" (data pin = "rndip[42]", clock pin = "en") is 26.304 ns
    Info: + Longest pin to register delay is 29.209 ns
        Info: 1: + IC(0.000 ns) + CELL(1.469 ns) = 1.469 ns; Loc. = PIN_11; Fanout = 7; PIN Node = 'rndip[42]'
        Info: 2: + IC(6.094 ns) + CELL(0.442 ns) = 8.005 ns; Loc. = LC_X13_Y17_N7; Fanout = 6; COMB Node = 'process0~15543'
        Info: 3: + IC(1.279 ns) + CELL(0.114 ns) = 9.398 ns; Loc. = LC_X12_Y16_N1; Fanout = 7; COMB Node = 'process0~160'
        Info: 4: + IC(1.650 ns) + CELL(0.292 ns) = 11.340 ns; Loc. = LC_X14_Y15_N8; Fanout = 5; COMB Node = 'process0~274'
        Info: 5: + IC(1.335 ns) + CELL(0.292 ns) = 12.967 ns; Loc. = LC_X15_Y14_N4; Fanout = 6; COMB Node = 'process0~361'
        Info: 6: + IC(1.608 ns) + CELL(0.292 ns) = 14.867 ns; Loc. = LC_X12_Y16_N9; Fanout = 31; COMB Node = 'process0~390'
        Info: 7: + IC(3.456 ns) + CELL(0.114 ns) = 18.437 ns; Loc. = LC_X19_Y16_N9; Fanout = 1; COMB Node = 'process0~15784'
        Info: 8: + IC(0.423 ns) + CELL(0.590 ns) = 19.450 ns; Loc. = LC_X19_Y16_N3; Fanout = 1; COMB Node = 'process0~15785'
        Info: 9: + IC(1.206 ns) + CELL(0.442 ns) = 21.098 ns; Loc. = LC_X19_Y15_N4; Fanout = 1; COMB Node = 'process0~15786'
        Info: 10: + IC(1.195 ns) + CELL(0.442 ns) = 22.735 ns; Loc. = LC_X19_Y14_N1; Fanout = 1; COMB Node = 'process0~15787'
        Info: 11: + IC(1.725 ns) + CELL(0.292 ns) = 24.752 ns; Loc. = LC_X15_Y13_N7; Fanout = 1; COMB Node = 'process0~15788'
        Info: 12: + IC(0.442 ns) + CELL(0.292 ns) = 25.486 ns; Loc. = LC_X15_Y13_N8; Fanout = 3; COMB Node = 'process0~15797'
        Info: 13: + IC(1.976 ns) + CELL(0.423 ns) = 27.885 ns; Loc. = LC_X21_Y11_N7; Fanout = 2; COMB Node = 'rndopt[14]~128'
        Info: 14: + IC(0.000 ns) + CELL(0.078 ns) = 27.963 ns; Loc. = LC_X21_Y11_N8; Fanout = 2; COMB Node = 'rndopt[15]~129'
        Info: 15: + IC(0.000 ns) + CELL(0.271 ns) = 28.234 ns; Loc. = LC_X21_Y11_N9; Fanout = 6; COMB Node = 'rndopt[16]~130'
        Info: 16: + IC(0.000 ns) + CELL(0.136 ns) = 28.370 ns; Loc. = LC_X21_Y10_N4; Fanout = 2; COMB Node = 'rndopt[21]~135'
        Info: 17: + IC(0.000 ns) + CELL(0.839 ns) = 29.209 ns; Loc. = LC_X21_Y10_N5; Fanout = 1; REG Node = 'rndopt[22]'
        Info: Total cell delay = 6.820 ns ( 23.35 % )
        Info: Total interconnect delay = 22.389 ns ( 76.65 % )
    Info: + Micro setup delay of destination is 0.037 ns
    Info: - Shortest clock path from clock "en" to destination register is 2.942 ns
        Info: 1: + IC(0.000 ns) + CELL(1.469 ns) = 1.469 ns; Loc. = PIN_29; Fanout = 28; CLK Node = 'en'
        Info: 2: + IC(0.762 ns) + CELL(0.711 ns) = 2.942 ns; Loc. = LC_X21_Y10_N5; Fanout = 1; REG Node = 'rndopt[22]'
        Info: Total cell delay = 2.180 ns ( 74.10 % )
        Info: Total interconnect delay = 0.762 ns ( 25.90 % )
Info: tco from clock "en" to destination pin "rndop[17]" through register "rndopt[18]" is 9.041 ns
    Info: + Longest clock path from clock "en" to source register is 2.942 ns
        Info: 1: + IC(0.000 ns) + CELL(1.469 ns) = 1.469 ns; Loc. = PIN_29; Fanout = 28; CLK Node = 'en'
        Info: 2: + IC(0.762 ns) + CELL(0.711 ns) = 2.942 ns; Loc. = LC_X21_Y10_N1; Fanout = 1; REG Node = 'rndopt[18]'
        Info: Total cell delay = 2.180 ns ( 74.10 % )
        Info: Total interconnect delay = 0.762 ns ( 25.90 % )
    Info: + Micro clock to output delay of source is 0.224 ns
    Info: + Longest register to pin delay is 5.875 ns
        Info: 1: + IC(0.000 ns) + CELL(0.000 ns) = 0.000 ns; Loc. = LC_X21_Y10_N1; Fanout = 1; REG Node = 'rndopt[18]'
        Info: 2: + IC(3.751 ns) + CELL(2.124 ns) = 5.875 ns; Loc. = PIN_43; Fanout = 0; PIN Node = 'rndop[17]'
        Info: Total cell delay = 2.124 ns ( 36.15 % )
        Info: Total interconnect delay = 3.751 ns ( 63.85 % )
Info: th for register "rndopt[2]" (data pin = "rndip[1]", clock pin = "en") is -4.260 ns
    Info: + Longest clock path from clock "en" to destination register is 2.942 ns
        Info: 1: + IC(0.000 ns) + CELL(1.469 ns) = 1.469 ns; Loc. = PIN_29; Fanout = 28; CLK Node = 'en'
        Info: 2: + IC(0.762 ns) + CELL(0.711 ns) = 2.942 ns; Loc. = LC_X21_Y12_N5; Fanout = 1; REG Node = 'rndopt[2]'
        Info: Total cell delay = 2.180 ns ( 74.10 % )
        Info: Total interconnect delay = 0.762 ns ( 25.90 % )
    Info: + Micro hold delay of destination is 0.015 ns
    Info: - Shortest pin to register delay is 7.217 ns
        Info: 1: + IC(0.000 ns) + CELL(1.469 ns) = 1.469 ns; Loc. = PIN_28; Fanout = 3; PIN Node = 'rndip[1]'
        Info: 2: + IC(1.687 ns) + CELL(0.590 ns) = 3.746 ns; Loc. = LC_X14_Y11_N7; Fanout = 1; COMB Node = 'process0~15596'
        Info: 3: + IC(0.443 ns) + CELL(0.292 ns) = 4.481 ns; Loc. = LC_X14_Y11_N9; Fanout = 3; COMB Node = 'process0~15605'
        Info: 4: + IC(1.998 ns) + CELL(0.738 ns) = 7.217 ns; Loc. = LC_X21_Y12_N5; Fanout = 1; REG Node = 'rndopt[2]'
        Info: Total cell delay = 3.089 ns ( 42.80 % )
        Info: Total interconnect delay = 4.128 ns ( 57.20 % )
Info: Quartus II Classic Timing Analyzer was successful. 0 errors, 1 warning
    Info: Allocated 106 megabytes of memory during processing
    Info: Processing ended: Tue Apr 10 21:04:46 2007
    Info: Elapsed time: 00:00:02


