V3 3
FL C:/Users/Ryan/Desktop/School/ECE238L/LAB4NEW/LAB5.vhd 2012/02/28.12:35:51 O.61xd
EN work/LAB5 1330467405 FL C:/Users/Ryan/Desktop/School/ECE238L/LAB4NEW/LAB5.vhd \
      PB ieee/std_logic_1164 1308643377
AR work/LAB5/Behavioral 1330467406 \
      FL C:/Users/Ryan/Desktop/School/ECE238L/LAB4NEW/LAB5.vhd EN work/LAB5 1330467405
