AR fulladder behavioral F:/ECE238/Lab7serialadder/FullAdder.vhd sub00/vhpl01 1335231959
EN accumulator NULL C:/Users/238user/Lab7serialadder/Accumulator.vhd sub00/vhpl02 1333652921
EN fulladder NULL F:/ECE238/Lab7serialadder/FullAdder.vhd sub00/vhpl00 1335231958
AR accumulator behavioral C:/Users/238user/Lab7serialadder/Accumulator.vhd sub00/vhpl03 1333652922
