V3 3
FL C:/Users/Ryan/Desktop/School/ECE238L/new4/lab5.vhd 2012/02/27.22:19:53 O.61xd
EN work/lab5 1330406396 FL C:/Users/Ryan/Desktop/School/ECE238L/new4/lab5.vhd \
      PB ieee/std_logic_1164 1308643377
AR work/lab5/Behavioral 1330406397 \
      FL C:/Users/Ryan/Desktop/School/ECE238L/new4/lab5.vhd EN work/lab5 1330406396
