EN hw11_1 NULL C:/Users/Ryan/Desktop/School/ECE238L/hw11.1/hw11_1.vhd sub00/vhpl00 1331969222
AR d behavioral C:/Users/Ryan/Desktop/School/ECE238L/hw11.1/d.vhf sub00/vhpl03 1331972523
AR hw11_1 behavioral C:/Users/Ryan/Desktop/School/ECE238L/hw11.1/hw11_1.vhd sub00/vhpl01 1331969223
EN d NULL C:/Users/Ryan/Desktop/School/ECE238L/hw11.1/d.vhf sub00/vhpl02 1331972522
